{
    "lofreq_filter - stub": {
        "content": [
            {
                "0": [
                    [
                        {
                            "id": "sampleA"
                        },
                        "/mnt/c/Users/user/alphavirus-variant-analysis-workflow/.nf-test/tests/bafbdbbfa46e4c140ab4dbf84975ecad/work/26/063c066f875967a9f1ccb55c26f493/sampleA.variants.filtered.vcf.gz",
                        "sampleA.variants.filtered.vcf.gz.tbi:md5,d41d8cd98f00b204e9800998ecf8427e"
                    ]
                ],
                "1": [
                    [
                        {
                            "id": "sampleA"
                        },
                        "sampleA.qc_stats.txt:md5,d41d8cd98f00b204e9800998ecf8427e"
                    ]
                ],
                "2": [
                    "versions.yml:md5,efcc2f31cb8b2b23438358460b0643b1"
                ],
                "qc_stats": [
                    [
                        {
                            "id": "sampleA"
                        },
                        "sampleA.qc_stats.txt:md5,d41d8cd98f00b204e9800998ecf8427e"
                    ]
                ],
                "vcf": [
                    [
                        {
                            "id": "sampleA"
                        },
                        "/mnt/c/Users/user/alphavirus-variant-analysis-workflow/.nf-test/tests/bafbdbbfa46e4c140ab4dbf84975ecad/work/26/063c066f875967a9f1ccb55c26f493/sampleA.variants.filtered.vcf.gz",
                        "sampleA.variants.filtered.vcf.gz.tbi:md5,d41d8cd98f00b204e9800998ecf8427e"
                    ]
                ],
                "versions": [
                    "versions.yml:md5,efcc2f31cb8b2b23438358460b0643b1"
                ]
            }
        ],
        "meta": {
            "nf-test": "0.9.2",
            "nextflow": "24.10.5"
        },
        "timestamp": "2026-07-28T18:19:10.448151"
    },
    "lofreq_filter - real": {
        "content": [
            [
                "versions.yml:md5,efcc2f31cb8b2b23438358460b0643b1"
            ]
        ],
        "meta": {
            "nf-test": "0.9.2",
            "nextflow": "24.10.5"
        },
        "timestamp": "2026-07-28T18:19:16.924603"
    }
}